Archive member included to satisfy reference by file (symbol)

d:/mounriver/mounriver_studio/toolchain/risc-v embedded gcc/bin/../lib/gcc/riscv-none-embed/8.2.0/rv32imacxw/ilp32\libgcc.a(addsf3.o)
                              ./Hardware/rx5808/rx5808.o (__addsf3)
d:/mounriver/mounriver_studio/toolchain/risc-v embedded gcc/bin/../lib/gcc/riscv-none-embed/8.2.0/rv32imacxw/ilp32\libgcc.a(divsf3.o)
                              ./Hardware/rx5808/rx5808.o (__divsf3)
d:/mounriver/mounriver_studio/toolchain/risc-v embedded gcc/bin/../lib/gcc/riscv-none-embed/8.2.0/rv32imacxw/ilp32\libgcc.a(mulsf3.o)
                              ./Hardware/rx5808/rx5808.o (__mulsf3)
d:/mounriver/mounriver_studio/toolchain/risc-v embedded gcc/bin/../lib/gcc/riscv-none-embed/8.2.0/rv32imacxw/ilp32\libgcc.a(subsf3.o)
                              ./Hardware/rx5808/rx5808.o (__subsf3)
d:/mounriver/mounriver_studio/toolchain/risc-v embedded gcc/bin/../lib/gcc/riscv-none-embed/8.2.0/rv32imacxw/ilp32\libgcc.a(fixunssfsi.o)
                              ./Hardware/rx5808/rx5808.o (__fixunssfsi)
d:/mounriver/mounriver_studio/toolchain/risc-v embedded gcc/bin/../lib/gcc/riscv-none-embed/8.2.0/rv32imacxw/ilp32\libgcc.a(floatsisf.o)
                              ./Hardware/rx5808/rx5808.o (__floatsisf)
d:/mounriver/mounriver_studio/toolchain/risc-v embedded gcc/bin/../lib/gcc/riscv-none-embed/8.2.0/rv32imacxw/ilp32\libgcc.a(_clzsi2.o)
                              d:/mounriver/mounriver_studio/toolchain/risc-v embedded gcc/bin/../lib/gcc/riscv-none-embed/8.2.0/rv32imacxw/ilp32\libgcc.a(addsf3.o) (__clzsi2)
d:/mounriver/mounriver_studio/toolchain/risc-v embedded gcc/bin/../lib/gcc/riscv-none-embed/8.2.0/rv32imacxw/ilp32\libgcc.a(_clz.o)
                              d:/mounriver/mounriver_studio/toolchain/risc-v embedded gcc/bin/../lib/gcc/riscv-none-embed/8.2.0/rv32imacxw/ilp32\libgcc.a(_clzsi2.o) (__clz_tab)
d:/mounriver/mounriver_studio/toolchain/risc-v embedded gcc/bin/../lib/gcc/riscv-none-embed/8.2.0/../../../../riscv-none-embed/lib/rv32imacxw/ilp32\libg_nano.a(lib_a-memset.o)
                              ./Hardware/oled/oled.o (memset)
d:/mounriver/mounriver_studio/toolchain/risc-v embedded gcc/bin/../lib/gcc/riscv-none-embed/8.2.0/../../../../riscv-none-embed/lib/rv32imacxw/ilp32\libg_nano.a(lib_a-printf.o)
                              ./User/main.o (printf)
d:/mounriver/mounriver_studio/toolchain/risc-v embedded gcc/bin/../lib/gcc/riscv-none-embed/8.2.0/../../../../riscv-none-embed/lib/rv32imacxw/ilp32\libg_nano.a(lib_a-rand.o)
                              ./Hardware/oled/test.o (srand)
d:/mounriver/mounriver_studio/toolchain/risc-v embedded gcc/bin/../lib/gcc/riscv-none-embed/8.2.0/../../../../riscv-none-embed/lib/rv32imacxw/ilp32\libg_nano.a(lib_a-findfp.o)
                              d:/mounriver/mounriver_studio/toolchain/risc-v embedded gcc/bin/../lib/gcc/riscv-none-embed/8.2.0/../../../../riscv-none-embed/lib/rv32imacxw/ilp32\libg_nano.a(lib_a-printf.o) (__sinit)
d:/mounriver/mounriver_studio/toolchain/risc-v embedded gcc/bin/../lib/gcc/riscv-none-embed/8.2.0/../../../../riscv-none-embed/lib/rv32imacxw/ilp32\libg_nano.a(lib_a-fwalk.o)
                              d:/mounriver/mounriver_studio/toolchain/risc-v embedded gcc/bin/../lib/gcc/riscv-none-embed/8.2.0/../../../../riscv-none-embed/lib/rv32imacxw/ilp32\libg_nano.a(lib_a-findfp.o) (_fwalk)
d:/mounriver/mounriver_studio/toolchain/risc-v embedded gcc/bin/../lib/gcc/riscv-none-embed/8.2.0/../../../../riscv-none-embed/lib/rv32imacxw/ilp32\libg_nano.a(lib_a-impure.o)
                              d:/mounriver/mounriver_studio/toolchain/risc-v embedded gcc/bin/../lib/gcc/riscv-none-embed/8.2.0/../../../../riscv-none-embed/lib/rv32imacxw/ilp32\libg_nano.a(lib_a-findfp.o) (_global_impure_ptr)
d:/mounriver/mounriver_studio/toolchain/risc-v embedded gcc/bin/../lib/gcc/riscv-none-embed/8.2.0/../../../../riscv-none-embed/lib/rv32imacxw/ilp32\libg_nano.a(lib_a-malloc.o)
                              d:/mounriver/mounriver_studio/toolchain/risc-v embedded gcc/bin/../lib/gcc/riscv-none-embed/8.2.0/../../../../riscv-none-embed/lib/rv32imacxw/ilp32\libg_nano.a(lib_a-rand.o) (malloc)
d:/mounriver/mounriver_studio/toolchain/risc-v embedded gcc/bin/../lib/gcc/riscv-none-embed/8.2.0/../../../../riscv-none-embed/lib/rv32imacxw/ilp32\libg_nano.a(lib_a-nano-freer.o)
                              d:/mounriver/mounriver_studio/toolchain/risc-v embedded gcc/bin/../lib/gcc/riscv-none-embed/8.2.0/../../../../riscv-none-embed/lib/rv32imacxw/ilp32\libg_nano.a(lib_a-malloc.o) (_free_r)
d:/mounriver/mounriver_studio/toolchain/risc-v embedded gcc/bin/../lib/gcc/riscv-none-embed/8.2.0/../../../../riscv-none-embed/lib/rv32imacxw/ilp32\libg_nano.a(lib_a-nano-mallocr.o)
                              d:/mounriver/mounriver_studio/toolchain/risc-v embedded gcc/bin/../lib/gcc/riscv-none-embed/8.2.0/../../../../riscv-none-embed/lib/rv32imacxw/ilp32\libg_nano.a(lib_a-findfp.o) (_malloc_r)
[...]
Memory Configuration

Name             Origin             Length             Attributes
FLASH            0x0000000000000000 0x000000000000f800 xr
RAM              0x0000000020000000 0x0000000000005000 xrw
*default*        0x0000000000000000 0xffffffffffffffff

Linker script and memory map

LOAD ./User/ch32x035_it.o
LOAD ./User/main.o
LOAD ./User/system_ch32x035.o
LOAD ./System/adc.o
LOAD ./System/spi.o
LOAD ./Startup/startup_ch32x035.o
LOAD ./Peripheral/src/ch32x035_adc.o
LOAD ./Peripheral/src/ch32x035_awu.o
LOAD ./Peripheral/src/ch32x035_dbgmcu.o
LOAD ./Peripheral/src/ch32x035_dma.o
LOAD ./Peripheral/src/ch32x035_exti.o
LOAD ./Peripheral/src/ch32x035_flash.o
LOAD ./Peripheral/src/ch32x035_gpio.o
LOAD ./Peripheral/src/ch32x035_i2c.o
LOAD ./Peripheral/src/ch32x035_iwdg.o
LOAD ./Peripheral/src/ch32x035_misc.o
LOAD ./Peripheral/src/ch32x035_opa.o
LOAD ./Peripheral/src/ch32x035_pwr.o
LOAD ./Peripheral/src/ch32x035_rcc.o
LOAD ./Peripheral/src/ch32x035_spi.o
LOAD ./Peripheral/src/ch32x035_tim.o
LOAD ./Peripheral/src/ch32x035_usart.o
LOAD ./Peripheral/src/ch32x035_wwdg.o
LOAD ./Hardware/rx5808/rtc6715.o
LOAD ./Hardware/rx5808/rx5808.o
LOAD ./Hardware/oled/gui.o
LOAD ./Hardware/oled/kun.o
LOAD ./Hardware/oled/oled.o
LOAD ./Hardware/oled/test.o
LOAD ./Debug/debug.o
LOAD ./Core/core_riscv.o
LOAD d:/mounriver/mounriver_studio/toolchain/risc-v embedded gcc/bin/../lib/gcc/riscv-none-embed/8.2.0/rv32imacxw/ilp32\libgcc.a
LOAD d:/mounriver/mounriver_studio/toolchain/risc-v embedded gcc/bin/../lib/gcc/riscv-none-embed/8.2.0/../../../../riscv-none-embed/lib/rv32imacxw/ilp32\libg_nano.a
LOAD d:/mounriver/mounriver_studio/toolchain/risc-v embedded gcc/bin/../lib/gcc/riscv-none-embed/8.2.0/../../../../riscv-none-embed/lib/rv32imacxw/ilp32\libc_nano.a
LOAD d:/mounriver/mounriver_studio/toolchain/risc-v embedded gcc/bin/../lib/gcc/riscv-none-embed/8.2.0/rv32imacxw/ilp32\libgcc.a
START GROUP
LOAD d:/mounriver/mounriver_studio/toolchain/risc-v embedded gcc/bin/../lib/gcc/riscv-none-embed/8.2.0/rv32imacxw/ilp32\libgcc.a
LOAD d:/mounriver/mounriver_studio/toolchain/risc-v embedded gcc/bin/../lib/gcc/riscv-none-embed/8.2.0/../../../../riscv-none-embed/lib/rv32imacxw/ilp32\libc_nano.a
LOAD d:/mounriver/mounriver_studio/toolchain/risc-v embedded gcc/bin/../lib/gcc/riscv-none-embed/8.2.0/../../../../riscv-none-embed/lib/rv32imacxw/ilp32\libnosys.a
END GROUP
START GROUP
LOAD d:/mounriver/mounriver_studio/toolchain/risc-v embedded gcc/bin/../lib/gcc/riscv-none-embed/8.2.0/rv32imacxw/ilp32\libgcc.a
LOAD d:/mounriver/mounriver_studio/toolchain/risc-v embedded gcc/bin/../lib/gcc/riscv-none-embed/8.2.0/../../../../riscv-none-embed/lib/rv32imacxw/ilp32\libc_nano.a
LOAD d:/mounriver/mounriver_studio/toolchain/risc-v embedded gcc/bin/../lib/gcc/riscv-none-embed/8.2.0/../../../../riscv-none-embed/lib/rv32imacxw/ilp32\libnosys.a
END GROUP
                0x0000000000000800                __stack_size = 0x800
                [!provide]                        PROVIDE (_stack_size = __stack_size)

.init           0x0000000000000000        0x4
                0x0000000000000000                _sinit = .
                0x0000000000000000                . = ALIGN (0x4)
 *(SORT_NONE(.init))
 .init          0x0000000000000000        0x4 ./Startup/startup_ch32x035.o
                0x0000000000000000                _start
                0x0000000000000004                . = ALIGN (0x4)
                0x0000000000000004                _einit = .

.vector         0x0000000000000004       0xfc
 *(.vector)
 .vector        0x0000000000000004       0xdc ./Startup/startup_ch32x035.o
                0x0000000000000100                . = ALIGN (0x40)
 *fill*         0x00000000000000e0       0x20 

.text           0x0000000000000100     0x5f10
                0x0000000000000100                . = ALIGN (0x4)
 *(.text)
 .text          0x0000000000000100       0xa8 d:/mounriver/mounriver_studio/toolchain/risc-v embedded gcc/bin/../lib/gcc/riscv-none-embed/8.2.0/../../../../riscv-none-embed/lib/rv32imacxw/ilp32\libg_nano.a(lib_a-memset.o)
                0x0000000000000100                memset
 *(.text.*)
 .text.NMI_Handler
                0x00000000000001a8        0x8 ./User/ch32x035_it.o
                0x00000000000001a8                NMI_Handler
 .text.HardFault_Handler
                0x00000000000001b0        0x8 ./User/ch32x035_it.o
                0x00000000000001b0                HardFault_Handler
 .text.main     0x00000000000001b8       0xc0 ./User/main.o
                0x00000000000001b8                main
 .text.SystemInit
                0x0000000000000278       0x4a ./User/system_ch32x035.o
                0x0000000000000278                SystemInit
 .text.SystemCoreClockUpdate
                0x00000000000002c2       0x80 ./User/system_ch32x035.o
                0x00000000000002c2                SystemCoreClockUpdate
 .text.SetSysClock
                0x0000000000000342       0x14 ./User/system_ch32x035.o
 .text.SetSysClockTo48_HSI
                0x0000000000000356       0x48 ./User/system_ch32x035.o
 .text.ADC1_Init
                0x000000000000039e       0xea ./System/adc.o
                0x000000000000039e                ADC1_Init
 .text.DMA_Tx_Init
                0x0000000000000488       0xb4 ./System/adc.o
                0x0000000000000488                DMA_Tx_Init
 .text.SPI1_Init
                0x000000000000053c      0x110 ./System/spi.o
                0x000000000000053c                SPI1_Init
 .text.vector_handler
                0x000000000000064c        0x2 ./Startup/startup_ch32x035.o
                0x000000000000064c                TIM1_CC_IRQHandler
                0x000000000000064c                TIM2_UP_IRQHandler
                0x000000000000064c                USBPD_IRQHandler
                0x000000000000064c                SysTick_Handler
                0x000000000000064c                PVD_IRQHandler
                0x000000000000064c                EXTI25_16_IRQHandler
                0x000000000000064c                USBFS_IRQHandler
                0x000000000000064c                Break_Point_Handler
                0x000000000000064c                TIM2_TRG_COM_IRQHandler
                0x000000000000064c                TIM2_CC_IRQHandler
                0x000000000000064c                SPI1_IRQHandler
                0x000000000000064c                AWU_IRQHandler
                0x000000000000064c                EXTI7_0_IRQHandler
                0x000000000000064c                Ecall_M_Mode_Handler
                0x000000000000064c                DMA1_Channel4_IRQHandler
                0x000000000000064c                ADC1_IRQHandler
                0x000000000000064c                TIM2_BRK_IRQHandler
                0x000000000000064c                USART3_IRQHandler
                0x000000000000064c                DMA1_Channel7_IRQHandler
                0x000000000000064c                USBPDWakeUp_IRQHandler
                0x000000000000064c                EXTI15_8_IRQHandler
                0x000000000000064c                I2C1_EV_IRQHandler
                0x000000000000064c                USART4_IRQHandler
                0x000000000000064c                DMA1_Channel6_IRQHandler
                0x000000000000064c                TIM3_IRQHandler
                0x000000000000064c                TIM1_TRG_COM_IRQHandler
                0x000000000000064c                DMA1_Channel1_IRQHandler
                0x000000000000064c                DMA1_Channel8_IRQHandler
                0x000000000000064c                PIOC_IRQHandler
                0x000000000000064c                DMA1_Channel5_IRQHandler
                0x000000000000064c                DMA1_Channel3_IRQHandler
                0x000000000000064c                TIM1_UP_IRQHandler
                0x000000000000064c                WWDG_IRQHandler
                0x000000000000064c                Ecall_U_Mode_Handler
                0x000000000000064c                SW_Handler
                0x000000000000064c                TIM1_BRK_IRQHandler
                0x000000000000064c                OPA_IRQHandler
                0x000000000000064c                USART2_IRQHandler
                0x000000000000064c                DMA1_Channel2_IRQHandler
                0x000000000000064c                FLASH_IRQHandler
                0x000000000000064c                USBFSWakeUp_IRQHandler
                0x000000000000064c                USART1_IRQHandler
                0x000000000000064c                I2C1_ER_IRQHandler
 .text.handle_reset
                0x000000000000064e       0x86 ./Startup/startup_ch32x035.o
                0x000000000000064e                handle_reset
 .text.ADC_DeInit
                0x00000000000006d4       0x3a ./Peripheral/src/ch32x035_adc.o
                0x00000000000006d4                ADC_DeInit
 .text.ADC_Init
                0x000000000000070e      0x100 ./Peripheral/src/ch32x035_adc.o
                0x000000000000070e                ADC_Init
 .text.ADC_Cmd  0x000000000000080e       0x3e ./Peripheral/src/ch32x035_adc.o
                0x000000000000080e                ADC_Cmd
 .text.ADC_DMACmd
                0x000000000000084c       0x3e ./Peripheral/src/ch32x035_adc.o
                0x000000000000084c                ADC_DMACmd
 .text.ADC_SoftwareStartConvCmd
                0x000000000000088a       0x44 ./Peripheral/src/ch32x035_adc.o
                0x000000000000088a                ADC_SoftwareStartConvCmd
 .text.ADC_RegularChannelConfig
                0x00000000000008ce      0x248 ./Peripheral/src/ch32x035_adc.o
                0x00000000000008ce                ADC_RegularChannelConfig
 .text.ADC_CLKConfig
                0x0000000000000b16       0x48 ./Peripheral/src/ch32x035_adc.o
                0x0000000000000b16                ADC_CLKConfig
 .text.DBGMCU_GetCHIPID
                0x0000000000000b5e       0x18 ./Peripheral/src/ch32x035_dbgmcu.o
                0x0000000000000b5e                DBGMCU_GetCHIPID
 .text.DMA_DeInit
                0x0000000000000b76      0x15a ./Peripheral/src/ch32x035_dma.o
                0x0000000000000b76                DMA_DeInit
 .text.DMA_Init
                0x0000000000000cd0       0xa8 ./Peripheral/src/ch32x035_dma.o
                0x0000000000000cd0                DMA_Init
 .text.DMA_Cmd  0x0000000000000d78       0x40 ./Peripheral/src/ch32x035_dma.o
                0x0000000000000d78                DMA_Cmd
 .text.GPIO_Init
                0x0000000000000db8      0x394 ./Peripheral/src/ch32x035_gpio.o
                0x0000000000000db8                GPIO_Init
 .text.GPIO_ReadInputDataBit
                0x000000000000114c       0x38 ./Peripheral/src/ch32x035_gpio.o
                0x000000000000114c                GPIO_ReadInputDataBit
 .text.GPIO_SetBits
                0x0000000000001184       0x34 ./Peripheral/src/ch32x035_gpio.o
                0x0000000000001184                GPIO_SetBits
 .text.GPIO_ResetBits
                0x00000000000011b8       0x20 ./Peripheral/src/ch32x035_gpio.o
                0x00000000000011b8                GPIO_ResetBits
 .text.GPIO_PinRemapConfig
                0x00000000000011d8      0x1dc ./Peripheral/src/ch32x035_gpio.o
                0x00000000000011d8                GPIO_PinRemapConfig
 .text.NVIC_PriorityGroupConfig
                0x00000000000013b4       0x1a ./Peripheral/src/ch32x035_misc.o
                0x00000000000013b4                NVIC_PriorityGroupConfig
 .text.RCC_GetClocksFreq
                0x00000000000013ce       0xa6 ./Peripheral/src/ch32x035_rcc.o
                0x00000000000013ce                RCC_GetClocksFreq
 .text.RCC_AHBPeriphClockCmd
                0x0000000000001474       0x46 ./Peripheral/src/ch32x035_rcc.o
                0x0000000000001474                RCC_AHBPeriphClockCmd
 .text.RCC_APB2PeriphClockCmd
                0x00000000000014ba       0x46 ./Peripheral/src/ch32x035_rcc.o
                0x00000000000014ba                RCC_APB2PeriphClockCmd
 .text.RCC_APB2PeriphResetCmd
                0x0000000000001500       0x46 ./Peripheral/src/ch32x035_rcc.o
                0x0000000000001500                RCC_APB2PeriphResetCmd
 .text.SPI_I2S_DeInit
                0x0000000000001546       0x2e ./Peripheral/src/ch32x035_spi.o
                0x0000000000001546                SPI_I2S_DeInit
 .text.SPI_Init
                0x0000000000001574       0xbc ./Peripheral/src/ch32x035_spi.o
                0x0000000000001574                SPI_Init
 .text.SPI_Cmd  0x0000000000001630       0x52 ./Peripheral/src/ch32x035_spi.o
                0x0000000000001630                SPI_Cmd
 .text.SPI_I2S_SendData
                0x0000000000001682       0x22 ./Peripheral/src/ch32x035_spi.o
                0x0000000000001682                SPI_I2S_SendData
 .text.SPI_I2S_GetFlagStatus
                0x00000000000016a4       0x44 ./Peripheral/src/ch32x035_spi.o
                0x00000000000016a4                SPI_I2S_GetFlagStatus
 .text.USART_Init
                0x00000000000016e8      0x1b2 ./Peripheral/src/ch32x035_usart.o
                0x00000000000016e8                USART_Init
 .text.USART_Cmd
                0x000000000000189a       0x58 ./Peripheral/src/ch32x035_usart.o
                0x000000000000189a                USART_Cmd
 .text.USART_SendData
                0x00000000000018f2       0x2c ./Peripheral/src/ch32x035_usart.o
                0x00000000000018f2                USART_SendData
 .text.USART_GetFlagStatus
                0x000000000000191e       0x44 ./Peripheral/src/ch32x035_usart.o
                0x000000000000191e                USART_GetFlagStatus
 .text.RTC6715_Init
                0x0000000000001962       0x1e ./Hardware/rx5808/rtc6715.o
                0x0000000000001962                RTC6715_Init
 .text.RTC6715_Power_Down_Control_Register_Init
                0x0000000000001980       0x7c ./Hardware/rx5808/rtc6715.o
                0x0000000000001980                RTC6715_Power_Down_Control_Register_Init
 .text.RTC6715_Register_A_Init
                0x00000000000019fc       0x78 ./Hardware/rx5808/rtc6715.o
                0x00000000000019fc                RTC6715_Register_A_Init
 .text.RTC6715_SPI_Init
                0x0000000000001a74       0xc6 ./Hardware/rx5808/rtc6715.o
                0x0000000000001a74                RTC6715_SPI_Init
 .text.RTC6715_SPI_Send
                0x0000000000001b3a       0x8c ./Hardware/rx5808/rtc6715.o
                0x0000000000001b3a                RTC6715_SPI_Send
 .text.RTC6715_SPI_Select
                0x0000000000001bc6       0x4a ./Hardware/rx5808/rtc6715.o
                0x0000000000001bc6                RTC6715_SPI_Select
 .text.RTC6715_CalculateFrequencyData
                0x0000000000001c10       0x4e ./Hardware/rx5808/rtc6715.o
                0x0000000000001c10                RTC6715_CalculateFrequencyData
 .text.RTC6715_SetFrequency
                0x0000000000001c5e       0x84 ./Hardware/rx5808/rtc6715.o
                0x0000000000001c5e                RTC6715_SetFrequency
 .text.RX5808_OLED_Update
                0x0000000000001ce2      0x490 ./Hardware/rx5808/rx5808.o
                0x0000000000001ce2                RX5808_OLED_Update
 .text.RX5808_OLED_Init
                0x0000000000002172       0xee ./Hardware/rx5808/rx5808.o
                0x0000000000002172                RX5808_OLED_Init
 .text.RX5808_Init
                0x0000000000002260       0x36 ./Hardware/rx5808/rx5808.o
                0x0000000000002260                RX5808_Init
 .text.Video_Channel_Switch
                0x0000000000002296      0x112 ./Hardware/rx5808/rx5808.o
                0x0000000000002296                Video_Channel_Switch
 .text.RX5808_GPIO_Init
                0x00000000000023a8       0x86 ./Hardware/rx5808/rx5808.o
                0x00000000000023a8                RX5808_GPIO_Init
 .text.GUI_Fill
                0x000000000000242e       0xc2 ./Hardware/oled/gui.o
                0x000000000000242e                GUI_Fill
 .text.GUI_Fill_not_display
                0x00000000000024f0       0xbe ./Hardware/oled/gui.o
                0x00000000000024f0                GUI_Fill_not_display
 .text.GUI_DrawLine
                0x00000000000025ae      0x192 ./Hardware/oled/gui.o
                0x00000000000025ae                GUI_DrawLine
 .text.GUI_DrawRectangle
                0x0000000000002740       0x90 ./Hardware/oled/gui.o
                0x0000000000002740                GUI_DrawRectangle
 .text.GUI_FillRectangle
                0x00000000000027d0       0x4a ./Hardware/oled/gui.o
                0x00000000000027d0                GUI_FillRectangle
 .text.GUI_ShowChar
                0x000000000000281a      0x21e ./Hardware/oled/gui.o
                0x000000000000281a                GUI_ShowChar
 .text.GUI_ShowString
                0x0000000000002a38       0xca ./Hardware/oled/gui.o
                0x0000000000002a38                GUI_ShowString
 .text.mypow    0x0000000000002b02       0x46 ./Hardware/oled/gui.o
 .text.GUI_ShowNum
                0x0000000000002b48      0x146 ./Hardware/oled/gui.o
                0x0000000000002b48                GUI_ShowNum
 .text.GUI_DrawBMP
                0x0000000000002c8e      0x178 ./Hardware/oled/gui.o
                0x0000000000002c8e                GUI_DrawBMP
 .text.KUN_1    0x0000000000002e06       0x2a ./Hardware/oled/kun.o
                0x0000000000002e06                KUN_1
 .text.OLED_WR_Byte
                0x0000000000002e30       0x8e ./Hardware/oled/oled.o
                0x0000000000002e30                OLED_WR_Byte
 .text.OLED_Set_Pixel
                0x0000000000002ebe       0xf0 ./Hardware/oled/oled.o
                0x0000000000002ebe                OLED_Set_Pixel
 .text.OLED_Display
                0x0000000000002fae      0x12a ./Hardware/oled/oled.o
                0x0000000000002fae                OLED_Display
 .text.OLED_Clear
                0x00000000000030d8       0x46 ./Hardware/oled/oled.o
                0x00000000000030d8                OLED_Clear
 .text.OLED_Reset
                0x000000000000311e       0x48 ./Hardware/oled/oled.o
                0x000000000000311e                OLED_Reset
 .text.OLED_Init_GPIO
                0x0000000000003166       0x3e ./Hardware/oled/oled.o
                0x0000000000003166                OLED_Init_GPIO
 .text.OLED_Init
                0x00000000000031a4      0x114 ./Hardware/oled/oled.o
                0x00000000000031a4                OLED_Init
 .text.Delay_Init
                0x00000000000032b8       0x46 ./Debug/debug.o
                0x00000000000032b8                Delay_Init
 .text.Delay_Us
                0x00000000000032fe       0x84 ./Debug/debug.o
                0x00000000000032fe                Delay_Us
 .text.Delay_Ms
                0x0000000000003382       0x84 ./Debug/debug.o
                0x0000000000003382                Delay_Ms
 .text.USART_Printf_Init
                0x0000000000003406       0x94 ./Debug/debug.o
                0x0000000000003406                USART_Printf_Init
 .text._write   0x000000000000349a       0x7a ./Debug/debug.o
                0x000000000000349a                _write
 .text._sbrk    0x0000000000003514       0x5a ./Debug/debug.o
                0x0000000000003514                _sbrk
 .text.__addsf3
                0x000000000000356e      0x36a d:/mounriver/mounriver_studio/toolchain/risc-v embedded gcc/bin/../lib/gcc/riscv-none-embed/8.2.0/rv32imacxw/ilp32\libgcc.a(addsf3.o)
                0x000000000000356e                __addsf3
 .text.__divsf3
                0x00000000000038d8      0x2b2 d:/mounriver/mounriver_studio/toolchain/risc-v embedded gcc/bin/../lib/gcc/riscv-none-embed/8.2.0/rv32imacxw/ilp32\libgcc.a(divsf3.o)
                0x00000000000038d8                __divsf3
 .text.__mulsf3
                0x0000000000003b8a      0x290 d:/mounriver/mounriver_studio/toolchain/risc-v embedded gcc/bin/../lib/gcc/riscv-none-embed/8.2.0/rv32imacxw/ilp32\libgcc.a(mulsf3.o)
                0x0000000000003b8a                __mulsf3
 .text.__subsf3
                0x0000000000003e1a      0x388 d:/mounriver/mounriver_studio/toolchain/risc-v embedded gcc/bin/../lib/gcc/riscv-none-embed/8.2.0/rv32imacxw/ilp32\libgcc.a(subsf3.o)
                0x0000000000003e1a                __subsf3
 .text.__fixunssfsi
                0x00000000000041a2       0x56 d:/mounriver/mounriver_studio/toolchain/risc-v embedded gcc/bin/../lib/gcc/riscv-none-embed/8.2.0/rv32imacxw/ilp32\libgcc.a(fixunssfsi.o)
                0x00000000000041a2                __fixunssfsi
 .text.__floatsisf
                0x00000000000041f8       0xc6 d:/mounriver/mounriver_studio/toolchain/risc-v embedded gcc/bin/../lib/gcc/riscv-none-embed/8.2.0/rv32imacxw/ilp32\libgcc.a(floatsisf.o)
                0x00000000000041f8                __floatsisf
 .text.__clzsi2
                0x00000000000042be       0x6e d:/mounriver/mounriver_studio/toolchain/risc-v embedded gcc/bin/../lib/gcc/riscv-none-embed/8.2.0/rv32imacxw/ilp32\libgcc.a(_clzsi2.o)
                0x00000000000042be                __clzsi2
 .text.printf   0x000000000000432c       0x3e d:/mounriver/mounriver_studio/toolchain/risc-v embedded gcc/bin/../lib/gcc/riscv-none-embed/8.2.0/../../../../riscv-none-embed/lib/rv32imacxw/ilp32\libg_nano.a(lib_a-printf.o)
                0x000000000000432c                iprintf
                0x000000000000432c                printf
 .text.std      0x000000000000436a       0x66 d:/mounriver/mounriver_studio/toolchain/risc-v embedded gcc/bin/../lib/gcc/riscv-none-embed/8.2.0/../../../../riscv-none-embed/lib/rv32imacxw/ilp32\libg_nano.a(lib_a-findfp.o)
 .text._cleanup_r
                0x00000000000043d0        0xa d:/mounriver/mounriver_studio/toolchain/risc-v embedded gcc/bin/../lib/gcc/riscv-none-embed/8.2.0/../../../../riscv-none-embed/lib/rv32imacxw/ilp32\libg_nano.a(lib_a-findfp.o)
                0x00000000000043d0                _cleanup_r
 .text.__sfmoreglue
                0x00000000000043da       0x46 d:/mounriver/mounriver_studio/toolchain/risc-v embedded gcc/bin/../lib/gcc/riscv-none-embed/8.2.0/../../../../riscv-none-embed/lib/rv32imacxw/ilp32\libg_nano.a(lib_a-findfp.o)
                0x00000000000043da                __sfmoreglue
 .text.__sinit  0x0000000000004420       0x6c d:/mounriver/mounriver_studio/toolchain/risc-v embedded gcc/bin/../lib/gcc/riscv-none-embed/8.2.0/../../../../riscv-none-embed/lib/rv32imacxw/ilp32\libg_nano.a(lib_a-findfp.o)
                0x0000000000004420                __sinit
 .text.__sfp    0x000000000000448c       0x9e d:/mounriver/mounriver_studio/toolchain/risc-v embedded gcc/bin/../lib/gcc/riscv-none-embed/8.2.0/../../../../riscv-none-embed/lib/rv32imacxw/ilp32\libg_nano.a(lib_a-findfp.o)
                0x000000000000448c                __sfp
 .text._fwalk_reent
                0x000000000000452a       0x6a d:/mounriver/mounriver_studio/toolchain/risc-v embedded gcc/bin/../lib/gcc/riscv-none-embed/8.2.0/../../../../riscv-none-embed/lib/rv32imacxw/ilp32\libg_nano.a(lib_a-fwalk.o)
                0x000000000000452a                _fwalk_reent
 .text._free_r  0x0000000000004594       0xa8 d:/mounriver/mounriver_studio/toolchain/risc-v embedded gcc/bin/../lib/gcc/riscv-none-embed/8.2.0/../../../../riscv-none-embed/lib/rv32imacxw/ilp32\libg_nano.a(lib_a-nano-freer.o)
                0x0000000000004594                _free_r
 .text._malloc_r
                0x000000000000463c       0xd4 d:/mounriver/mounriver_studio/toolchain/risc-v embedded gcc/bin/../lib/gcc/riscv-none-embed/8.2.0/../../../../riscv-none-embed/lib/rv32imacxw/ilp32\libg_nano.a(lib_a-nano-mallocr.o)
                0x000000000000463c                _malloc_r
 .text.__sfputc_r
                0x0000000000004710       0x26 d:/mounriver/mounriver_studio/toolchain/risc-v embedded gcc/bin/../lib/gcc/riscv-none-embed/8.2.0/../../../../riscv-none-embed/lib/rv32imacxw/ilp32\libg_nano.a(lib_a-nano-vfprintf.o)
 .text.__sfputs_r
                0x0000000000004736       0x40 d:/mounriver/mounriver_studio/toolchain/risc-v embedded gcc/bin/../lib/gcc/riscv-none-embed/8.2.0/../../../../riscv-none-embed/lib/rv32imacxw/ilp32\libg_nano.a(lib_a-nano-vfprintf.o)
                0x0000000000004736                __sfputs_r
 .text._vfprintf_r
                0x0000000000004776      0x28c d:/mounriver/mounriver_studio/toolchain/risc-v embedded gcc/bin/../lib/gcc/riscv-none-embed/8.2.0/../../../../riscv-none-embed/lib/rv32imacxw/ilp32\libg_nano.a(lib_a-nano-vfprintf.o)
                0x0000000000004776                _vfprintf_r
                0x0000000000004776                _vfiprintf_r
 .text._printf_common
                0x0000000000004a02      0x10c d:/mounriver/mounriver_studio/toolchain/risc-v embedded gcc/bin/../lib/gcc/riscv-none-embed/8.2.0/../../../../riscv-none-embed/lib/rv32imacxw/ilp32\libg_nano.a(lib_a-nano-vfprintf_i.o)
                0x0000000000004a02                _printf_common
 .text._printf_i
                0x0000000000004b0e      0x2a2 d:/mounriver/mounriver_studio/toolchain/risc-v embedded gcc/bin/../lib/gcc/riscv-none-embed/8.2.0/../../../../riscv-none-embed/lib/rv32imacxw/ilp32\libg_nano.a(lib_a-nano-vfprintf_i.o)
                0x0000000000004b0e                _printf_i
 .text._sbrk_r  0x0000000000004db0       0x2a d:/mounriver/mounriver_studio/toolchain/risc-v embedded gcc/bin/../lib/gcc/riscv-none-embed/8.2.0/../../../../riscv-none-embed/lib/rv32imacxw/ilp32\libg_nano.a(lib_a-sbrkr.o)
                0x0000000000004db0                _sbrk_r
 .text.__sread  0x0000000000004dda       0x2c d:/mounriver/mounriver_studio/toolchain/risc-v embedded gcc/bin/../lib/gcc/riscv-none-embed/8.2.0/../../../../riscv-none-embed/lib/rv32imacxw/ilp32\libg_nano.a(lib_a-stdio.o)
                0x0000000000004dda                __sread
 .text.__swrite
                0x0000000000004e06       0x48 d:/mounriver/mounriver_studio/toolchain/risc-v embedded gcc/bin/../lib/gcc/riscv-none-embed/8.2.0/../../../../riscv-none-embed/lib/rv32imacxw/ilp32\libg_nano.a(lib_a-stdio.o)
                0x0000000000004e06                __swrite
 .text.__sseek  0x0000000000004e4e       0x30 d:/mounriver/mounriver_studio/toolchain/risc-v embedded gcc/bin/../lib/gcc/riscv-none-embed/8.2.0/../../../../riscv-none-embed/lib/rv32imacxw/ilp32\libg_nano.a(lib_a-stdio.o)
                0x0000000000004e4e                __sseek
 .text.__sclose
                0x0000000000004e7e        0x6 d:/mounriver/mounriver_studio/toolchain/risc-v embedded gcc/bin/../lib/gcc/riscv-none-embed/8.2.0/../../../../riscv-none-embed/lib/rv32imacxw/ilp32\libg_nano.a(lib_a-stdio.o)
                0x0000000000004e7e                __sclose
 .text.__swbuf_r
                0x0000000000004e84       0xbe d:/mounriver/mounriver_studio/toolchain/risc-v embedded gcc/bin/../lib/gcc/riscv-none-embed/8.2.0/../../../../riscv-none-embed/lib/rv32imacxw/ilp32\libg_nano.a(lib_a-wbuf.o)
                0x0000000000004e84                __swbuf_r
 .text._write_r
                0x0000000000004f42       0x2e d:/mounriver/mounriver_studio/toolchain/risc-v embedded gcc/bin/../lib/gcc/riscv-none-embed/8.2.0/../../../../riscv-none-embed/lib/rv32imacxw/ilp32\libg_nano.a(lib_a-writer.o)
                0x0000000000004f42                _write_r
 .text.__swsetup_r
                0x0000000000004f70      0x100 d:/mounriver/mounriver_studio/toolchain/risc-v embedded gcc/bin/../lib/gcc/riscv-none-embed/8.2.0/../../../../riscv-none-embed/lib/rv32imacxw/ilp32\libg_nano.a(lib_a-wsetup.o)
                0x0000000000004f70                __swsetup_r
 .text._close_r
                0x0000000000005070       0x28 d:/mounriver/mounriver_studio/toolchain/risc-v embedded gcc/bin/../lib/gcc/riscv-none-embed/8.2.0/../../../../riscv-none-embed/lib/rv32imacxw/ilp32\libg_nano.a(lib_a-closer.o)
                0x0000000000005070                _close_r
 .text.__sflush_r
                0x0000000000005098      0x132 d:/mounriver/mounriver_studio/toolchain/risc-v embedded gcc/bin/../lib/gcc/riscv-none-embed/8.2.0/../../../../riscv-none-embed/lib/rv32imacxw/ilp32\libg_nano.a(lib_a-fflush.o)
                0x0000000000005098                __sflush_r
 .text._fflush_r
                0x00000000000051ca       0x68 d:/mounriver/mounriver_studio/toolchain/risc-v embedded gcc/bin/../lib/gcc/riscv-none-embed/8.2.0/../../../../riscv-none-embed/lib/rv32imacxw/ilp32\libg_nano.a(lib_a-fflush.o)
                0x00000000000051ca                _fflush_r
 .text._lseek_r
                0x0000000000005232       0x2c d:/mounriver/mounriver_studio/toolchain/risc-v embedded gcc/bin/../lib/gcc/riscv-none-embed/8.2.0/../../../../riscv-none-embed/lib/rv32imacxw/ilp32\libg_nano.a(lib_a-lseekr.o)
                0x0000000000005232                _lseek_r
 .text.__swhatbuf_r
                0x000000000000525e       0x56 d:/mounriver/mounriver_studio/toolchain/risc-v embedded gcc/bin/../lib/gcc/riscv-none-embed/8.2.0/../../../../riscv-none-embed/lib/rv32imacxw/ilp32\libg_nano.a(lib_a-makebuf.o)
                0x000000000000525e                __swhatbuf_r
 .text.__smakebuf_r
                0x00000000000052b4       0x92 d:/mounriver/mounriver_studio/toolchain/risc-v embedded gcc/bin/../lib/gcc/riscv-none-embed/8.2.0/../../../../riscv-none-embed/lib/rv32imacxw/ilp32\libg_nano.a(lib_a-makebuf.o)
                0x00000000000052b4                __smakebuf_r
 .text.memchr   0x0000000000005346       0x18 d:/mounriver/mounriver_studio/toolchain/risc-v embedded gcc/bin/../lib/gcc/riscv-none-embed/8.2.0/../../../../riscv-none-embed/lib/rv32imacxw/ilp32\libg_nano.a(lib_a-memchr.o)
                0x0000000000005346                memchr
 .text.__malloc_lock
                0x000000000000535e        0x2 d:/mounriver/mounriver_studio/toolchain/risc-v embedded gcc/bin/../lib/gcc/riscv-none-embed/8.2.0/../../../../riscv-none-embed/lib/rv32imacxw/ilp32\libg_nano.a(lib_a-mlock.o)
                0x000000000000535e                __malloc_lock
 .text.__malloc_unlock
                0x0000000000005360        0x2 d:/mounriver/mounriver_studio/toolchain/risc-v embedded gcc/bin/../lib/gcc/riscv-none-embed/8.2.0/../../../../riscv-none-embed/lib/rv32imacxw/ilp32\libg_nano.a(lib_a-mlock.o)
                0x0000000000005360                __malloc_unlock
 .text._read_r  0x0000000000005362       0x2c d:/mounriver/mounriver_studio/toolchain/risc-v embedded gcc/bin/../lib/gcc/riscv-none-embed/8.2.0/../../../../riscv-none-embed/lib/rv32imacxw/ilp32\libg_nano.a(lib_a-readr.o)
                0x0000000000005362                _read_r
 .text._fstat_r
                0x000000000000538e       0x2a d:/mounriver/mounriver_studio/toolchain/risc-v embedded gcc/bin/../lib/gcc/riscv-none-embed/8.2.0/../../../../riscv-none-embed/lib/rv32imacxw/ilp32\libg_nano.a(lib_a-fstatr.o)
                0x000000000000538e                _fstat_r
 .text._isatty_r
                0x00000000000053b8       0x28 d:/mounriver/mounriver_studio/toolchain/risc-v embedded gcc/bin/../lib/gcc/riscv-none-embed/8.2.0/../../../../riscv-none-embed/lib/rv32imacxw/ilp32\libg_nano.a(lib_a-isattyr.o)
                0x00000000000053b8                _isatty_r
 .text._close   0x00000000000053e0        0xc d:/mounriver/mounriver_studio/toolchain/risc-v embedded gcc/bin/../lib/gcc/riscv-none-embed/8.2.0/../../../../riscv-none-embed/lib/rv32imacxw/ilp32\libnosys.a(close.o)
                0x00000000000053e0                _close
 .text._fstat   0x00000000000053ec        0xc d:/mounriver/mounriver_studio/toolchain/risc-v embedded gcc/bin/../lib/gcc/riscv-none-embed/8.2.0/../../../../riscv-none-embed/lib/rv32imacxw/ilp32\libnosys.a(fstat.o)
                0x00000000000053ec                _fstat
 .text._isatty  0x00000000000053f8        0xc d:/mounriver/mounriver_studio/toolchain/risc-v embedded gcc/bin/../lib/gcc/riscv-none-embed/8.2.0/../../../../riscv-none-embed/lib/rv32imacxw/ilp32\libnosys.a(isatty.o)
                0x00000000000053f8                _isatty
 .text._lseek   0x0000000000005404        0xc d:/mounriver/mounriver_studio/toolchain/risc-v embedded gcc/bin/../lib/gcc/riscv-none-embed/8.2.0/../../../../riscv-none-embed/lib/rv32imacxw/ilp32\libnosys.a(lseek.o)
                0x0000000000005404                _lseek
 .text._read    0x0000000000005410        0xc d:/mounriver/mounriver_studio/toolchain/risc-v embedded gcc/bin/../lib/gcc/riscv-none-embed/8.2.0/../../../../riscv-none-embed/lib/rv32imacxw/ilp32\libnosys.a(read.o)
                0x0000000000005410                _read
 *(.rodata)
 *fill*         0x000000000000541c        0x0 
 .rodata        0x000000000000541c       0x1e ./User/main.o
 *fill*         0x000000000000543a        0x2 
 .rodata        0x000000000000543c       0x30 ./Hardware/rx5808/rx5808.o
 *(.rodata*)
 .rodata.Rx5808_Freq
                0x000000000000546c       0x60 ./Hardware/rx5808/rx5808.o
                0x000000000000546c                Rx5808_Freq
 .rodata.F6x8   0x00000000000054cc      0x2f8 ./Hardware/oled/gui.o
                0x00000000000054cc                F6x8
 .rodata.F8X16  0x00000000000057c4      0x5f0 ./Hardware/oled/gui.o
                0x00000000000057c4                F8X16
 .rodata.__divsf3
                0x0000000000005db4       0x80 d:/mounriver/mounriver_studio/toolchain/risc-v embedded gcc/bin/../lib/gcc/riscv-none-embed/8.2.0/rv32imacxw/ilp32\libgcc.a(divsf3.o)
 .rodata.__mulsf3
                0x0000000000005e34       0x40 d:/mounriver/mounriver_studio/toolchain/risc-v embedded gcc/bin/../lib/gcc/riscv-none-embed/8.2.0/rv32imacxw/ilp32\libgcc.a(mulsf3.o)
 .rodata.__clz_tab
                0x0000000000005e74      0x100 d:/mounriver/mounriver_studio/toolchain/risc-v embedded gcc/bin/../lib/gcc/riscv-none-embed/8.2.0/rv32imacxw/ilp32\libgcc.a(_clz.o)
                0x0000000000005e74                __clz_tab
 .rodata.__sf_fake_stderr
                0x0000000000005f74       0x20 d:/mounriver/mounriver_studio/toolchain/risc-v embedded gcc/bin/../lib/gcc/riscv-none-embed/8.2.0/../../../../riscv-none-embed/lib/rv32imacxw/ilp32\libg_nano.a(lib_a-findfp.o)
                0x0000000000005f74                __sf_fake_stderr
 .rodata.__sf_fake_stdin
                0x0000000000005f94       0x20 d:/mounriver/mounriver_studio/toolchain/risc-v embedded gcc/bin/../lib/gcc/riscv-none-embed/8.2.0/../../../../riscv-none-embed/lib/rv32imacxw/ilp32\libg_nano.a(lib_a-findfp.o)
                0x0000000000005f94                __sf_fake_stdin
 .rodata.__sf_fake_stdout
                0x0000000000005fb4       0x20 d:/mounriver/mounriver_studio/toolchain/risc-v embedded gcc/bin/../lib/gcc/riscv-none-embed/8.2.0/../../../../riscv-none-embed/lib/rv32imacxw/ilp32\libg_nano.a(lib_a-findfp.o)
                0x0000000000005fb4                __sf_fake_stdout
 .rodata._vfprintf_r.str1.4
                0x0000000000005fd4       0x13 d:/mounriver/mounriver_studio/toolchain/risc-v embedded gcc/bin/../lib/gcc/riscv-none-embed/8.2.0/../../../../riscv-none-embed/lib/rv32imacxw/ilp32\libg_nano.a(lib_a-nano-vfprintf.o)
 *fill*         0x0000000000005fe7        0x1 
 .rodata._printf_i.str1.4
                0x0000000000005fe8       0x28 d:/mounriver/mounriver_studio/toolchain/risc-v embedded gcc/bin/../lib/gcc/riscv-none-embed/8.2.0/../../../../riscv-none-embed/lib/rv32imacxw/ilp32\libg_nano.a(lib_a-nano-vfprintf_i.o)
                                         0x25 (size before relaxing)
 *(.gnu.linkonce.t.*)
                0x0000000000006010                . = ALIGN (0x4)

.rela.dyn       0x0000000000006010        0x0
 .rela.init     0x0000000000006010        0x0 ./User/ch32x035_it.o
 .rela.vector   0x0000000000006010        0x0 ./User/ch32x035_it.o
 .rela.text.handle_reset
                0x0000000000006010        0x0 ./User/ch32x035_it.o
 .rela.sdata.curbrk.4333
                0x0000000000006010        0x0 ./User/ch32x035_it.o
 .rela.text._sbrk
                0x0000000000006010        0x0 ./User/ch32x035_it.o
 .rela.text._vfprintf_r
                0x0000000000006010        0x0 ./User/ch32x035_it.o
 .rela.text._sbrk_r
                0x0000000000006010        0x0 ./User/ch32x035_it.o
 .rela.text._write_r
                0x0000000000006010        0x0 ./User/ch32x035_it.o
 .rela.text._close_r
                0x0000000000006010        0x0 ./User/ch32x035_it.o
 .rela.text._lseek_r
                0x0000000000006010        0x0 ./User/ch32x035_it.o
 .rela.text._read_r
                0x0000000000006010        0x0 ./User/ch32x035_it.o
 .rela.text._fstat_r
                0x0000000000006010        0x0 ./User/ch32x035_it.o
 .rela.text._isatty_r
                0x0000000000006010        0x0 ./User/ch32x035_it.o
 .rela.text._close
                0x0000000000006010        0x0 ./User/ch32x035_it.o
 .rela.text._fstat
                0x0000000000006010        0x0 ./User/ch32x035_it.o
 .rela.text._isatty
                0x0000000000006010        0x0 ./User/ch32x035_it.o
 .rela.text._lseek
                0x0000000000006010        0x0 ./User/ch32x035_it.o
 .rela.text._read
                0x0000000000006010        0x0 ./User/ch32x035_it.o

.fini           0x0000000000006010        0x0
 *(SORT_NONE(.fini))
                0x0000000000006010                . = ALIGN (0x4)
                [!provide]                        PROVIDE (_etext = .)
                [!provide]                        PROVIDE (_eitcm = .)

.preinit_array  0x0000000000006010        0x0
                [!provide]                        PROVIDE (__preinit_array_start = .)
 *(.preinit_array)
                [!provide]                        PROVIDE (__preinit_array_end = .)

.init_array     0x0000000000006010        0x0
                [!provide]                        PROVIDE (__init_array_start = .)
 *(SORT_BY_INIT_PRIORITY(.init_array.*) SORT_BY_INIT_PRIORITY(.ctors.*))
 *(.init_array EXCLUDE_FILE(*crtend?.o *crtend.o *crtbegin?.o *crtbegin.o) .ctors)
                [!provide]                        PROVIDE (__init_array_end = .)

.fini_array     0x0000000000006010        0x0
                [!provide]                        PROVIDE (__fini_array_start = .)
 *(SORT_BY_INIT_PRIORITY(.fini_array.*) SORT_BY_INIT_PRIORITY(.dtors.*))
 *(.fini_array EXCLUDE_FILE(*crtend?.o *crtend.o *crtbegin?.o *crtbegin.o) .dtors)
                [!provide]                        PROVIDE (__fini_array_end = .)

.ctors
 *crtbegin.o(.ctors)
 *crtbegin?.o(.ctors)
 *(EXCLUDE_FILE(*crtend?.o *crtend.o) .ctors)
 *(SORT_BY_NAME(.ctors.*))
 *(.ctors)

.dtors
 *crtbegin.o(.dtors)
 *crtbegin?.o(.dtors)
 *(EXCLUDE_FILE(*crtend?.o *crtend.o) .dtors)
 *(SORT_BY_NAME(.dtors.*))
 *(.dtors)

.dalign         0x0000000020000000        0x0 load address 0x0000000000006010
                0x0000000020000000                . = ALIGN (0x4)
                0x0000000020000000                PROVIDE (_data_vma = .)

.dlalign        0x0000000000006010        0x0
                0x0000000000006010                . = ALIGN (0x4)
                0x0000000000006010                PROVIDE (_data_lma = .)

.data           0x0000000020000000      0x4a0 load address 0x0000000000006010
 *(.gnu.linkonce.r.*)
 *(.data .data.*)
 .data.AHBPrescTable
                0x0000000020000000       0x10 ./User/system_ch32x035.o
                0x0000000020000000                AHBPrescTable
 .data.APBAHBPrescTable
                0x0000000020000010       0x10 ./Peripheral/src/ch32x035_rcc.o
 .data.BMP_kun  0x0000000020000020      0x400 ./Hardware/oled/kun.o
                0x0000000020000020                BMP_kun
 .data.impure_data
                0x0000000020000420       0x60 d:/mounriver/mounriver_studio/toolchain/risc-v embedded gcc/bin/../lib/gcc/riscv-none-embed/8.2.0/../../../../riscv-none-embed/lib/rv32imacxw/ilp32\libg_nano.a(lib_a-impure.o)
 *(.gnu.linkonce.d.*)
                0x0000000020000480                . = ALIGN (0x8)
                0x0000000020000c80                PROVIDE (__global_pointer$ = (. + 0x800))
 *(.sdata .sdata.*)
 .sdata.SystemCoreClock
                0x0000000020000480        0x4 ./User/system_ch32x035.o
                0x0000000020000480                SystemCoreClock
 .sdata.CFGHR_tmpA
                0x0000000020000484        0x4 ./Peripheral/src/ch32x035_gpio.o
                0x0000000020000484                CFGHR_tmpA
 .sdata.CFGHR_tmpB
                0x0000000020000488        0x4 ./Peripheral/src/ch32x035_gpio.o
                0x0000000020000488                CFGHR_tmpB
 .sdata.CFGHR_tmpC
                0x000000002000048c        0x4 ./Peripheral/src/ch32x035_gpio.o
                0x000000002000048c                CFGHR_tmpC
 .sdata.alpha   0x0000000020000490        0x4 ./Hardware/rx5808/rx5808.o
                0x0000000020000490                alpha
 .sdata.curbrk.4333
                0x0000000020000494        0x4 ./Debug/debug.o
 .sdata._impure_ptr
                0x0000000020000498        0x4 d:/mounriver/mounriver_studio/toolchain/risc-v embedded gcc/bin/../lib/gcc/riscv-none-embed/8.2.0/../../../../riscv-none-embed/lib/rv32imacxw/ilp32\libg_nano.a(lib_a-impure.o)
                0x0000000020000498                _impure_ptr
 *(.sdata2.*)
 .sdata2._global_impure_ptr
                0x000000002000049c        0x4 d:/mounriver/mounriver_studio/toolchain/risc-v embedded gcc/bin/../lib/gcc/riscv-none-embed/8.2.0/../../../../riscv-none-embed/lib/rv32imacxw/ilp32\libg_nano.a(lib_a-impure.o)
                0x000000002000049c                _global_impure_ptr
 *(.gnu.linkonce.s.*)
                0x00000000200004a0                . = ALIGN (0x8)
 *(.srodata.cst16)
 *(.srodata.cst8)
 *(.srodata.cst4)
 *(.srodata.cst2)
 *(.srodata .srodata.*)
                0x00000000200004a0                . = ALIGN (0x4)
                0x00000000200004a0                PROVIDE (_edata = .)

.bss            0x00000000200004a0      0x430 load address 0x00000000000064b0
                0x00000000200004a0                . = ALIGN (0x4)
                0x00000000200004a0                PROVIDE (_sbss = .)
 *(.sbss*)
 .sbss.NVIC_Priority_Group
                0x00000000200004a0        0x4 ./Peripheral/src/ch32x035_misc.o
                0x00000000200004a0                NVIC_Priority_Group
 .sbss.rssi     0x00000000200004a4        0x4 ./Hardware/rx5808/rx5808.o
                0x00000000200004a4                rssi
 .sbss.rssi_last
                0x00000000200004a8        0x4 ./Hardware/rx5808/rx5808.o
                0x00000000200004a8                rssi_last
 .sbss.rssi_lpf
                0x00000000200004ac        0x4 ./Hardware/rx5808/rx5808.o
                0x00000000200004ac                rssi_lpf
 .sbss.rssi_max
                0x00000000200004b0        0x4 ./Hardware/rx5808/rx5808.o
                0x00000000200004b0                rssi_max
 .sbss.rssi_length
                0x00000000200004b4        0x2 ./Hardware/rx5808/rx5808.o
                0x00000000200004b4                rssi_length
 .sbss.video_channel
                0x00000000200004b6        0x1 ./Hardware/rx5808/rx5808.o
                0x00000000200004b6                video_channel
 *fill*         0x00000000200004b7        0x1 
 .sbss.rx5808_t
                0x00000000200004b8        0x4 ./Hardware/rx5808/rx5808.o
                0x00000000200004b8                rx5808_t
 .sbss.rx5808_i
                0x00000000200004bc        0x1 ./Hardware/rx5808/rx5808.o
                0x00000000200004bc                rx5808_i
 .sbss.rx5808_j
                0x00000000200004bd        0x1 ./Hardware/rx5808/rx5808.o
                0x00000000200004bd                rx5808_j
 .sbss.p_us     0x00000000200004be        0x1 ./Debug/debug.o
 *fill*         0x00000000200004bf        0x1 
 .sbss.p_ms     0x00000000200004c0        0x2 ./Debug/debug.o
 *fill*         0x00000000200004c2        0x2 
 .sbss.__malloc_free_list
                0x00000000200004c4        0x4 d:/mounriver/mounriver_studio/toolchain/risc-v embedded gcc/bin/../lib/gcc/riscv-none-embed/8.2.0/../../../../riscv-none-embed/lib/rv32imacxw/ilp32\libg_nano.a(lib_a-nano-mallocr.o)
                0x00000000200004c4                __malloc_free_list
 .sbss.__malloc_sbrk_start
                0x00000000200004c8        0x4 d:/mounriver/mounriver_studio/toolchain/risc-v embedded gcc/bin/../lib/gcc/riscv-none-embed/8.2.0/../../../../riscv-none-embed/lib/rv32imacxw/ilp32\libg_nano.a(lib_a-nano-mallocr.o)
                0x00000000200004c8                __malloc_sbrk_start
 *(.gnu.linkonce.sb.*)
 *(.bss*)
 .bss.OLED_buffer
                0x00000000200004cc      0x400 ./Hardware/oled/oled.o
 *(.gnu.linkonce.b.*)
 *(COMMON*)
 COMMON         0x00000000200008cc        0x4 d:/mounriver/mounriver_studio/toolchain/risc-v embedded gcc/bin/../lib/gcc/riscv-none-embed/8.2.0/../../../../riscv-none-embed/lib/rv32imacxw/ilp32\libg_nano.a(lib_a-reent.o)
                0x00000000200008cc                errno
                0x00000000200008d0                . = ALIGN (0x4)
                0x00000000200008d0                PROVIDE (_ebss = .)
                0x00000000200008d0                PROVIDE (_end = _ebss)
                [!provide]                        PROVIDE (end = .)

.stack          0x0000000020004800      0x800
                0x0000000020004800                PROVIDE (_heap_end = .)
                0x0000000020004800                . = ALIGN (0x4)
                [!provide]                        PROVIDE (_susrstack = .)
                0x0000000020005000                . = (. + __stack_size)
 *fill*         0x0000000020004800      0x800 
                0x0000000020005000                PROVIDE (_eusrstack = .)
OUTPUT(X035C8T6_RX5808.elf elf32-littleriscv)

.debug_info     0x0000000000000000    0x10c82
 .debug_info    0x0000000000000000      0x962 ./User/ch32x035_it.o
 .debug_info    0x0000000000000962      0xb70 ./User/main.o
 .debug_info    0x00000000000014d2      0xb45 ./User/system_ch32x035.o
 .debug_info    0x0000000000002017      0xe32 ./System/adc.o
 .debug_info    0x0000000000002e49      0xc73 ./System/spi.o
 .debug_info    0x0000000000003abc       0x22 ./Startup/startup_ch32x035.o
 .debug_info    0x0000000000003ade     0x158c ./Peripheral/src/ch32x035_adc.o
 .debug_info    0x000000000000506a      0xa3b ./Peripheral/src/ch32x035_dbgmcu.o
 .debug_info    0x0000000000005aa5      0xd2c ./Peripheral/src/ch32x035_dma.o
 .debug_info    0x00000000000067d1      0xfc9 ./Peripheral/src/ch32x035_gpio.o
 .debug_info    0x000000000000779a      0xe58 ./Peripheral/src/ch32x035_misc.o
 .debug_info    0x00000000000085f2      0xd98 ./Peripheral/src/ch32x035_rcc.o
 .debug_info    0x000000000000938a     0x1038 ./Peripheral/src/ch32x035_spi.o
 .debug_info    0x000000000000a3c2     0x1277 ./Peripheral/src/ch32x035_usart.o
 .debug_info    0x000000000000b639      0xc3c ./Hardware/rx5808/rtc6715.o
 .debug_info    0x000000000000c275      0xcd7 ./Hardware/rx5808/rx5808.o
 .debug_info    0x000000000000cf4c     0x1729 ./Hardware/oled/gui.o
 .debug_info    0x000000000000e675      0xa56 ./Hardware/oled/kun.o
 .debug_info    0x000000000000f0cb      0xd8e ./Hardware/oled/oled.o
 .debug_info    0x000000000000fe59      0xe29 ./Debug/debug.o

.debug_abbrev   0x0000000000000000     0x30ae
 .debug_abbrev  0x0000000000000000      0x1cf ./User/ch32x035_it.o
 .debug_abbrev  0x00000000000001cf      0x203 ./User/main.o
 .debug_abbrev  0x00000000000003d2      0x255 ./User/system_ch32x035.o
 .debug_abbrev  0x0000000000000627      0x23f ./System/adc.o
 .debug_abbrev  0x0000000000000866      0x203 ./System/spi.o
 .debug_abbrev  0x0000000000000a69       0x12 ./Startup/startup_ch32x035.o
 .debug_abbrev  0x0000000000000a7b      0x2c2 ./Peripheral/src/ch32x035_adc.o
 .debug_abbrev  0x0000000000000d3d      0x276 ./Peripheral/src/ch32x035_dbgmcu.o
 .debug_abbrev  0x0000000000000fb3      0x2b3 ./Peripheral/src/ch32x035_dma.o
 .debug_abbrev  0x0000000000001266      0x315 ./Peripheral/src/ch32x035_gpio.o
 .debug_abbrev  0x000000000000157b      0x2c7 ./Peripheral/src/ch32x035_misc.o
 .debug_abbrev  0x0000000000001842      0x2d1 ./Peripheral/src/ch32x035_rcc.o
 .debug_abbrev  0x0000000000001b13      0x2b3 ./Peripheral/src/ch32x035_spi.o
 .debug_abbrev  0x0000000000001dc6      0x2c2 ./Peripheral/src/ch32x035_usart.o
 .debug_abbrev  0x0000000000002088      0x27f ./Hardware/rx5808/rtc6715.o
 .debug_abbrev  0x0000000000002307      0x261 ./Hardware/rx5808/rx5808.o
 .debug_abbrev  0x0000000000002568      0x348 ./Hardware/oled/gui.o
 .debug_abbrev  0x00000000000028b0      0x22b ./Hardware/oled/kun.o
 .debug_abbrev  0x0000000000002adb      0x2f0 ./Hardware/oled/oled.o
 .debug_abbrev  0x0000000000002dcb      0x2e3 ./Debug/debug.o

.debug_aranges  0x0000000000000000      0x828
 .debug_aranges
                0x0000000000000000       0x28 ./User/ch32x035_it.o
 .debug_aranges
                0x0000000000000028       0x20 ./User/main.o
 .debug_aranges
                0x0000000000000048       0x38 ./User/system_ch32x035.o
 .debug_aranges
                0x0000000000000080       0x28 ./System/adc.o
 .debug_aranges
                0x00000000000000a8       0x20 ./System/spi.o
 .debug_aranges
                0x00000000000000c8       0x30 ./Startup/startup_ch32x035.o
 .debug_aranges
                0x00000000000000f8      0x140 ./Peripheral/src/ch32x035_adc.o
 .debug_aranges
                0x0000000000000238       0x48 ./Peripheral/src/ch32x035_dbgmcu.o
 .debug_aranges
                0x0000000000000280       0x70 ./Peripheral/src/ch32x035_dma.o
 .debug_aranges
                0x00000000000002f0       0x98 ./Peripheral/src/ch32x035_gpio.o
 .debug_aranges
                0x0000000000000388       0x28 ./Peripheral/src/ch32x035_misc.o
 .debug_aranges
                0x00000000000003b0       0x88 ./Peripheral/src/ch32x035_rcc.o
 .debug_aranges
                0x0000000000000438       0xb8 ./Peripheral/src/ch32x035_spi.o
 .debug_aranges
                0x00000000000004f0       0xf0 ./Peripheral/src/ch32x035_usart.o
 .debug_aranges
                0x00000000000005e0       0x58 ./Hardware/rx5808/rtc6715.o
 .debug_aranges
                0x0000000000000638       0x40 ./Hardware/rx5808/rx5808.o
 .debug_aranges
                0x0000000000000678       0xc8 ./Hardware/oled/gui.o
 .debug_aranges
                0x0000000000000740       0x30 ./Hardware/oled/kun.o
 .debug_aranges
                0x0000000000000770       0x68 ./Hardware/oled/oled.o
 .debug_aranges
                0x00000000000007d8       0x50 ./Debug/debug.o

.debug_ranges   0x0000000000000000      0x6f0
 .debug_ranges  0x0000000000000000       0x18 ./User/ch32x035_it.o
 .debug_ranges  0x0000000000000018       0x10 ./User/main.o
 .debug_ranges  0x0000000000000028       0x28 ./User/system_ch32x035.o
 .debug_ranges  0x0000000000000050       0x18 ./System/adc.o
 .debug_ranges  0x0000000000000068       0x10 ./System/spi.o
 .debug_ranges  0x0000000000000078       0x28 ./Startup/startup_ch32x035.o
 .debug_ranges  0x00000000000000a0      0x130 ./Peripheral/src/ch32x035_adc.o
 .debug_ranges  0x00000000000001d0       0x38 ./Peripheral/src/ch32x035_dbgmcu.o
 .debug_ranges  0x0000000000000208       0x60 ./Peripheral/src/ch32x035_dma.o
 .debug_ranges  0x0000000000000268       0x88 ./Peripheral/src/ch32x035_gpio.o
 .debug_ranges  0x00000000000002f0       0x18 ./Peripheral/src/ch32x035_misc.o
 .debug_ranges  0x0000000000000308       0x78 ./Peripheral/src/ch32x035_rcc.o
 .debug_ranges  0x0000000000000380       0xa8 ./Peripheral/src/ch32x035_spi.o
 .debug_ranges  0x0000000000000428       0xe0 ./Peripheral/src/ch32x035_usart.o
 .debug_ranges  0x0000000000000508       0x48 ./Hardware/rx5808/rtc6715.o
 .debug_ranges  0x0000000000000550       0x30 ./Hardware/rx5808/rx5808.o
 .debug_ranges  0x0000000000000580       0xb8 ./Hardware/oled/gui.o
 .debug_ranges  0x0000000000000638       0x20 ./Hardware/oled/kun.o
 .debug_ranges  0x0000000000000658       0x58 ./Hardware/oled/oled.o
 .debug_ranges  0x00000000000006b0       0x40 ./Debug/debug.o

.debug_line     0x0000000000000000     0x9002
 .debug_line    0x0000000000000000      0x230 ./User/ch32x035_it.o
 .debug_line    0x0000000000000230      0x325 ./User/main.o
 .debug_line    0x0000000000000555      0x360 ./User/system_ch32x035.o
 .debug_line    0x00000000000008b5      0x415 ./System/adc.o
 .debug_line    0x0000000000000cca      0x3af ./System/spi.o
 .debug_line    0x0000000000001079      0x11e ./Startup/startup_ch32x035.o
 .debug_line    0x0000000000001197     0x1080 ./Peripheral/src/ch32x035_adc.o
 .debug_line    0x0000000000002217      0x36b ./Peripheral/src/ch32x035_dbgmcu.o
 .debug_line    0x0000000000002582      0x6f5 ./Peripheral/src/ch32x035_dma.o
 .debug_line    0x0000000000002c77      0xdae ./Peripheral/src/ch32x035_gpio.o
 .debug_line    0x0000000000003a25      0x42b ./Peripheral/src/ch32x035_misc.o
 .debug_line    0x0000000000003e50      0x747 ./Peripheral/src/ch32x035_rcc.o
 .debug_line    0x0000000000004597      0x86c ./Peripheral/src/ch32x035_spi.o
 .debug_line    0x0000000000004e03      0xc19 ./Peripheral/src/ch32x035_usart.o
 .debug_line    0x0000000000005a1c      0x6ad ./Hardware/rx5808/rtc6715.o
 .debug_line    0x00000000000060c9      0x84c ./Hardware/rx5808/rx5808.o
 .debug_line    0x0000000000006915     0x14f4 ./Hardware/oled/gui.o
 .debug_line    0x0000000000007e09      0x2ca ./Hardware/oled/kun.o
 .debug_line    0x00000000000080d3      0x982 ./Hardware/oled/oled.o
 .debug_line    0x0000000000008a55      0x5ad ./Debug/debug.o

.debug_str      0x0000000000000000     0x2624
 .debug_str     0x0000000000000000      0x55a ./User/ch32x035_it.o
                                        0x5bb (size before relaxing)
 .debug_str     0x000000000000055a      0x118 ./User/main.o
                                        0x6b0 (size before relaxing)
 .debug_str     0x0000000000000672       0xf4 ./User/system_ch32x035.o
                                        0x6b9 (size before relaxing)
 .debug_str     0x0000000000000766      0x2ce ./System/adc.o
                                        0x95c (size before relaxing)
 .debug_str     0x0000000000000a34      0x139 ./System/spi.o
                                        0x811 (size before relaxing)
 .debug_str     0x0000000000000b6d       0x2a ./Startup/startup_ch32x035.o
                                         0x6b (size before relaxing)
 .debug_str     0x0000000000000b97      0x4be ./Peripheral/src/ch32x035_adc.o
                                        0xbef (size before relaxing)
 .debug_str     0x0000000000001055       0x8f ./Peripheral/src/ch32x035_dbgmcu.o
                                        0x64b (size before relaxing)
 .debug_str     0x00000000000010e4      0x127 ./Peripheral/src/ch32x035_dma.o
                                        0x7f8 (size before relaxing)
 .debug_str     0x000000000000120b      0x200 ./Peripheral/src/ch32x035_gpio.o
                                        0x923 (size before relaxing)
 .debug_str     0x000000000000140b      0x3fb ./Peripheral/src/ch32x035_misc.o
                                        0xa16 (size before relaxing)
 .debug_str     0x0000000000001806      0x1f2 ./Peripheral/src/ch32x035_rcc.o
                                        0x855 (size before relaxing)
 .debug_str     0x00000000000019f8      0x1de ./Peripheral/src/ch32x035_spi.o
                                        0x927 (size before relaxing)
 .debug_str     0x0000000000001bd6      0x3d6 ./Peripheral/src/ch32x035_usart.o
                                        0xa9e (size before relaxing)
 .debug_str     0x0000000000001fac      0x10a ./Hardware/rx5808/rtc6715.o
                                        0x7dc (size before relaxing)
 .debug_str     0x00000000000020b6      0x177 ./Hardware/rx5808/rx5808.o
                                        0x858 (size before relaxing)
 .debug_str     0x000000000000222d      0x224 ./Hardware/oled/gui.o
                                        0x7e7 (size before relaxing)
 .debug_str     0x0000000000002451       0x5a ./Hardware/oled/kun.o
                                        0x5f3 (size before relaxing)
 .debug_str     0x00000000000024ab       0xc2 ./Hardware/oled/oled.o
                                        0x82f (size before relaxing)
 .debug_str     0x000000000000256d       0xb7 ./Debug/debug.o
                                        0x886 (size before relaxing)

.comment        0x0000000000000000       0x33
 .comment       0x0000000000000000       0x33 ./User/ch32x035_it.o
                                         0x34 (size before relaxing)
 .comment       0x0000000000000033       0x34 ./User/main.o
 .comment       0x0000000000000033       0x34 ./User/system_ch32x035.o
 .comment       0x0000000000000033       0x34 ./System/adc.o
 .comment       0x0000000000000033       0x34 ./System/spi.o
 .comment       0x0000000000000033       0x34 ./Peripheral/src/ch32x035_adc.o
 .comment       0x0000000000000033       0x34 ./Peripheral/src/ch32x035_dbgmcu.o
 .comment       0x0000000000000033       0x34 ./Peripheral/src/ch32x035_dma.o
 .comment       0x0000000000000033       0x34 ./Peripheral/src/ch32x035_gpio.o
 .comment       0x0000000000000033       0x34 ./Peripheral/src/ch32x035_misc.o
 .comment       0x0000000000000033       0x34 ./Peripheral/src/ch32x035_rcc.o
 .comment       0x0000000000000033       0x34 ./Peripheral/src/ch32x035_spi.o
 .comment       0x0000000000000033       0x34 ./Peripheral/src/ch32x035_usart.o
 .comment       0x0000000000000033       0x34 ./Hardware/rx5808/rtc6715.o
 .comment       0x0000000000000033       0x34 ./Hardware/rx5808/rx5808.o
 .comment       0x0000000000000033       0x34 ./Hardware/oled/gui.o
 .comment       0x0000000000000033       0x34 ./Hardware/oled/kun.o
 .comment       0x0000000000000033       0x34 ./Hardware/oled/oled.o
 .comment       0x0000000000000033       0x34 ./Debug/debug.o

.debug_frame    0x0000000000000000     0x2594
 .debug_frame   0x0000000000000000       0x48 ./User/ch32x035_it.o
 .debug_frame   0x0000000000000048       0x2c ./User/main.o
 .debug_frame   0x0000000000000074       0x98 ./User/system_ch32x035.o
 .debug_frame   0x000000000000010c       0x5c ./System/adc.o
 .debug_frame   0x0000000000000168       0x38 ./System/spi.o
 .debug_frame   0x00000000000001a0      0x4bc ./Peripheral/src/ch32x035_adc.o
 .debug_frame   0x000000000000065c       0xd4 ./Peripheral/src/ch32x035_dbgmcu.o
 .debug_frame   0x0000000000000730      0x174 ./Peripheral/src/ch32x035_dma.o
 .debug_frame   0x00000000000008a4      0x228 ./Peripheral/src/ch32x035_gpio.o
 .debug_frame   0x0000000000000acc       0x50 ./Peripheral/src/ch32x035_misc.o
 .debug_frame   0x0000000000000b1c      0x1d0 ./Peripheral/src/ch32x035_rcc.o
 .debug_frame   0x0000000000000cec      0x294 ./Peripheral/src/ch32x035_spi.o
 .debug_frame   0x0000000000000f80      0x37c ./Peripheral/src/ch32x035_usart.o
 .debug_frame   0x00000000000012fc      0x12c ./Hardware/rx5808/rtc6715.o
 .debug_frame   0x0000000000001428       0xd8 ./Hardware/rx5808/rx5808.o
 .debug_frame   0x0000000000001500      0x344 ./Hardware/oled/gui.o
 .debug_frame   0x0000000000001844       0x80 ./Hardware/oled/kun.o
 .debug_frame   0x00000000000018c4      0x180 ./Hardware/oled/oled.o
 .debug_frame   0x0000000000001a44       0xfc ./Debug/debug.o
 .debug_frame   0x0000000000001b40       0x40 d:/mounriver/mounriver_studio/toolchain/risc-v embedded gcc/bin/../lib/gcc/riscv-none-embed/8.2.0/rv32imacxw/ilp32\libgcc.a(addsf3.o)
 .debug_frame   0x0000000000001b80       0x50 d:/mounriver/mounriver_studio/toolchain/risc-v embedded gcc/bin/../lib/gcc/riscv-none-embed/8.2.0/rv32imacxw/ilp32\libgcc.a(divsf3.o)
 .debug_frame   0x0000000000001bd0       0x50 d:/mounriver/mounriver_studio/toolchain/risc-v embedded gcc/bin/../lib/gcc/riscv-none-embed/8.2.0/rv32imacxw/ilp32\libgcc.a(mulsf3.o)
 .debug_frame   0x0000000000001c20       0x3c d:/mounriver/mounriver_studio/toolchain/risc-v embedded gcc/bin/../lib/gcc/riscv-none-embed/8.2.0/rv32imacxw/ilp32\libgcc.a(subsf3.o)
 .debug_frame   0x0000000000001c5c       0x20 d:/mounriver/mounriver_studio/toolchain/risc-v embedded gcc/bin/../lib/gcc/riscv-none-embed/8.2.0/rv32imacxw/ilp32\libgcc.a(fixunssfsi.o)
 .debug_frame   0x0000000000001c7c       0x38 d:/mounriver/mounriver_studio/toolchain/risc-v embedded gcc/bin/../lib/gcc/riscv-none-embed/8.2.0/rv32imacxw/ilp32\libgcc.a(floatsisf.o)
 .debug_frame   0x0000000000001cb4       0x20 d:/mounriver/mounriver_studio/toolchain/risc-v embedded gcc/bin/../lib/gcc/riscv-none-embed/8.2.0/rv32imacxw/ilp32\libgcc.a(_clzsi2.o)
 .debug_frame   0x0000000000001cd4       0x54 d:/mounriver/mounriver_studio/toolchain/risc-v embedded gcc/bin/../lib/gcc/riscv-none-embed/8.2.0/../../../../riscv-none-embed/lib/rv32imacxw/ilp32\libg_nano.a(lib_a-printf.o)
 .debug_frame   0x0000000000001d28      0x148 d:/mounriver/mounriver_studio/toolchain/risc-v embedded gcc/bin/../lib/gcc/riscv-none-embed/8.2.0/../../../../riscv-none-embed/lib/rv32imacxw/ilp32\libg_nano.a(lib_a-findfp.o)
 .debug_frame   0x0000000000001e70       0x88 d:/mounriver/mounriver_studio/toolchain/risc-v embedded gcc/bin/../lib/gcc/riscv-none-embed/8.2.0/../../../../riscv-none-embed/lib/rv32imacxw/ilp32\libg_nano.a(lib_a-fwalk.o)
 .debug_frame   0x0000000000001ef8       0x40 d:/mounriver/mounriver_studio/toolchain/risc-v embedded gcc/bin/../lib/gcc/riscv-none-embed/8.2.0/../../../../riscv-none-embed/lib/rv32imacxw/ilp32\libg_nano.a(lib_a-nano-freer.o)
 .debug_frame   0x0000000000001f38       0x40 d:/mounriver/mounriver_studio/toolchain/risc-v embedded gcc/bin/../lib/gcc/riscv-none-embed/8.2.0/../../../../riscv-none-embed/lib/rv32imacxw/ilp32\libg_nano.a(lib_a-nano-mallocr.o)
 .debug_frame   0x0000000000001f78       0xd0 d:/mounriver/mounriver_studio/toolchain/risc-v embedded gcc/bin/../lib/gcc/riscv-none-embed/8.2.0/../../../../riscv-none-embed/lib/rv32imacxw/ilp32\libg_nano.a(lib_a-nano-vfprintf.o)
 .debug_frame   0x0000000000002048       0x8c d:/mounriver/mounriver_studio/toolchain/risc-v embedded gcc/bin/../lib/gcc/riscv-none-embed/8.2.0/../../../../riscv-none-embed/lib/rv32imacxw/ilp32\libg_nano.a(lib_a-nano-vfprintf_i.o)
 .debug_frame   0x00000000000020d4       0x30 d:/mounriver/mounriver_studio/toolchain/risc-v embedded gcc/bin/../lib/gcc/riscv-none-embed/8.2.0/../../../../riscv-none-embed/lib/rv32imacxw/ilp32\libg_nano.a(lib_a-sbrkr.o)
 .debug_frame   0x0000000000002104       0xa4 d:/mounriver/mounriver_studio/toolchain/risc-v embedded gcc/bin/../lib/gcc/riscv-none-embed/8.2.0/../../../../riscv-none-embed/lib/rv32imacxw/ilp32\libg_nano.a(lib_a-stdio.o)
 .debug_frame   0x00000000000021a8       0x50 d:/mounriver/mounriver_studio/toolchain/risc-v embedded gcc/bin/../lib/gcc/riscv-none-embed/8.2.0/../../../../riscv-none-embed/lib/rv32imacxw/ilp32\libg_nano.a(lib_a-wbuf.o)
 .debug_frame   0x00000000000021f8       0x30 d:/mounriver/mounriver_studio/toolchain/risc-v embedded gcc/bin/../lib/gcc/riscv-none-embed/8.2.0/../../../../riscv-none-embed/lib/rv32imacxw/ilp32\libg_nano.a(lib_a-writer.o)
 .debug_frame   0x0000000000002228       0x3c d:/mounriver/mounriver_studio/toolchain/risc-v embedded gcc/bin/../lib/gcc/riscv-none-embed/8.2.0/../../../../riscv-none-embed/lib/rv32imacxw/ilp32\libg_nano.a(lib_a-wsetup.o)
 .debug_frame   0x0000000000002264       0x30 d:/mounriver/mounriver_studio/toolchain/risc-v embedded gcc/bin/../lib/gcc/riscv-none-embed/8.2.0/../../../../riscv-none-embed/lib/rv32imacxw/ilp32\libg_nano.a(lib_a-closer.o)
 .debug_frame   0x0000000000002294       0x7c d:/mounriver/mounriver_studio/toolchain/risc-v embedded gcc/bin/../lib/gcc/riscv-none-embed/8.2.0/../../../../riscv-none-embed/lib/rv32imacxw/ilp32\libg_nano.a(lib_a-fflush.o)
 .debug_frame   0x0000000000002310       0x30 d:/mounriver/mounriver_studio/toolchain/risc-v embedded gcc/bin/../lib/gcc/riscv-none-embed/8.2.0/../../../../riscv-none-embed/lib/rv32imacxw/ilp32\libg_nano.a(lib_a-lseekr.o)
 .debug_frame   0x0000000000002340       0x64 d:/mounriver/mounriver_studio/toolchain/risc-v embedded gcc/bin/../lib/gcc/riscv-none-embed/8.2.0/../../../../riscv-none-embed/lib/rv32imacxw/ilp32\libg_nano.a(lib_a-makebuf.o)
 .debug_frame   0x00000000000023a4       0x20 d:/mounriver/mounriver_studio/toolchain/risc-v embedded gcc/bin/../lib/gcc/riscv-none-embed/8.2.0/../../../../riscv-none-embed/lib/rv32imacxw/ilp32\libg_nano.a(lib_a-memchr.o)
 .debug_frame   0x00000000000023c4       0x30 d:/mounriver/mounriver_studio/toolchain/risc-v embedded gcc/bin/../lib/gcc/riscv-none-embed/8.2.0/../../../../riscv-none-embed/lib/rv32imacxw/ilp32\libg_nano.a(lib_a-mlock.o)
 .debug_frame   0x00000000000023f4       0x30 d:/mounriver/mounriver_studio/toolchain/risc-v embedded gcc/bin/../lib/gcc/riscv-none-embed/8.2.0/../../../../riscv-none-embed/lib/rv32imacxw/ilp32\libg_nano.a(lib_a-readr.o)
 .debug_frame   0x0000000000002424       0x70 d:/mounriver/mounriver_studio/toolchain/risc-v embedded gcc/bin/../lib/gcc/riscv-none-embed/8.2.0/../../../../riscv-none-embed/lib/rv32imacxw/ilp32\libg_nano.a(lib_a-reent.o)
 .debug_frame   0x0000000000002494       0x30 d:/mounriver/mounriver_studio/toolchain/risc-v embedded gcc/bin/../lib/gcc/riscv-none-embed/8.2.0/../../../../riscv-none-embed/lib/rv32imacxw/ilp32\libg_nano.a(lib_a-fstatr.o)
 .debug_frame   0x00000000000024c4       0x30 d:/mounriver/mounriver_studio/toolchain/risc-v embedded gcc/bin/../lib/gcc/riscv-none-embed/8.2.0/../../../../riscv-none-embed/lib/rv32imacxw/ilp32\libg_nano.a(lib_a-isattyr.o)
 .debug_frame   0x00000000000024f4       0x20 d:/mounriver/mounriver_studio/toolchain/risc-v embedded gcc/bin/../lib/gcc/riscv-none-embed/8.2.0/../../../../riscv-none-embed/lib/rv32imacxw/ilp32\libnosys.a(close.o)
 .debug_frame   0x0000000000002514       0x20 d:/mounriver/mounriver_studio/toolchain/risc-v embedded gcc/bin/../lib/gcc/riscv-none-embed/8.2.0/../../../../riscv-none-embed/lib/rv32imacxw/ilp32\libnosys.a(fstat.o)
 .debug_frame   0x0000000000002534       0x20 d:/mounriver/mounriver_studio/toolchain/risc-v embedded gcc/bin/../lib/gcc/riscv-none-embed/8.2.0/../../../../riscv-none-embed/lib/rv32imacxw/ilp32\libnosys.a(isatty.o)
 .debug_frame   0x0000000000002554       0x20 d:/mounriver/mounriver_studio/toolchain/risc-v embedded gcc/bin/../lib/gcc/riscv-none-embed/8.2.0/../../../../riscv-none-embed/lib/rv32imacxw/ilp32\libnosys.a(lseek.o)
 .debug_frame   0x0000000000002574       0x20 d:/mounriver/mounriver_studio/toolchain/risc-v embedded gcc/bin/../lib/gcc/riscv-none-embed/8.2.0/../../../../riscv-none-embed/lib/rv32imacxw/ilp32\libnosys.a(read.o)

.stab           0x0000000000000000       0x84
 .stab          0x0000000000000000       0x24 d:/mounriver/mounriver_studio/toolchain/risc-v embedded gcc/bin/../lib/gcc/riscv-none-embed/8.2.0/../../../../riscv-none-embed/lib/rv32imacxw/ilp32\libnosys.a(close.o)
 .stab          0x0000000000000024       0x18 d:/mounriver/mounriver_studio/toolchain/risc-v embedded gcc/bin/../lib/gcc/riscv-none-embed/8.2.0/../../../../riscv-none-embed/lib/rv32imacxw/ilp32\libnosys.a(fstat.o)
                                         0x24 (size before relaxing)
 .stab          0x000000000000003c       0x18 d:/mounriver/mounriver_studio/toolchain/risc-v embedded gcc/bin/../lib/gcc/riscv-none-embed/8.2.0/../../../../riscv-none-embed/lib/rv32imacxw/ilp32\libnosys.a(isatty.o)
                                         0x24 (size before relaxing)
 .stab          0x0000000000000054       0x18 d:/mounriver/mounriver_studio/toolchain/risc-v embedded gcc/bin/../lib/gcc/riscv-none-embed/8.2.0/../../../../riscv-none-embed/lib/rv32imacxw/ilp32\libnosys.a(lseek.o)
                                         0x24 (size before relaxing)
 .stab          0x000000000000006c       0x18 d:/mounriver/mounriver_studio/toolchain/risc-v embedded gcc/bin/../lib/gcc/riscv-none-embed/8.2.0/../../../../riscv-none-embed/lib/rv32imacxw/ilp32\libnosys.a(read.o)
                                         0x24 (size before relaxing)

.stabstr        0x0000000000000000      0x117
 .stabstr       0x0000000000000000      0x117 d:/mounriver/mounriver_studio/toolchain/risc-v embedded gcc/bin/../lib/gcc/riscv-none-embed/8.2.0/../../../../riscv-none-embed/lib/rv32imacxw/ilp32\libnosys.a(close.o)
